$ Rscript --vanilla script.R prepared_data.csv R-20261008-133340-dbe8
ℹ parameter labels from comments are typically ignored in non-interactive mode
ℹ Need to run with the source intact to parse comments
ℹ moved zero initial estimate(s) off 0 (foceiControl(zeroTheta)): tka
→ loading into symengine environment...
→ pruning branches (`if`/`else`) of full model...
✔ done

→ calculate ∂(f)/∂(η)
[====|====|====|====|====|====|====|====|====|====] 0:00:00 

→ calculate ∂(R²)/∂(η)
[====|====|====|====|====|====|====|====|====|====] 0:00:00 

→ finding duplicate expressions in inner model...
→ finding duplicate expressions in EBE model...
→ compiling inner model...
✔ done
→ finding duplicate expressions in FD model...
→ compiling EBE model...
✔ done
→ compiling events FD model...
✔ done
calculating covariance matrix
[====|====|====|====|====|====|====|====|====|====] 0:00:00 
done
→ Calculating residuals/tables
✔ done
Done in 6.9 s. OFV = 4397.205
